65.50.127.147 - - [08/Mar/2014:18:07:33 -0500] "GET /live/livetheme.css HTTP/1.1" 304 0 "http://gtstreams.com:10201/live/crysanthos" "Mozilla/5.0 (Windows NT 6.3; WOW64; rv:27.0) Gecko/20100101 Firefox/27.0"
65.50.127.147 - - [08/Mar/2014:18:07:33 -0500] "GET /flowplayer-3.2.18.swf HTTP/1.1" 304 0 "http://gtstreams.com:10201/live/crysanthos" "Mozilla/5.0 (Windows NT 6.3; WOW64; rv:27.0) Gecko/20100101 Firefox/27.0"
65.50.127.147 - - [08/Mar/2014:18:07:36 -0500] "GET /live/crysanthos HTTP/1.1" 304 0 "http://gtstreams.com:10201/" "Mozilla/5.0 (Windows NT 6.3; WOW64; rv:27.0) Gecko/20100101 Firefox/27.0"
65.50.127.147 [08/Mar/2014:18:07:37 -0500] PLAY "live" "crysanthos" "" - 502 1003376 "http://gtstreams.com:10201/live/crysanthos" "WIN 12,0,0,70" (2s)
65.50.127.147 - - [08/Mar/2014:18:07:37 -0500] "GET /flowplayer-3.2.13.min.js HTTP/1.1" 304 0 "http://gtstreams.com:10201/live/crysanthos" "Mozilla/5.0 (Windows NT 6.3; WOW64; rv:27.0) Gecko/20100101 Firefox/27.0"
65.50.127.147 - - [08/Mar/2014:18:07:37 -0500] "GET /live/livetheme.css HTTP/1.1" 304 0 "http://gtstreams.com:10201/live/crysanthos" "Mozilla/5.0 (Windows NT 6.3; WOW64; rv:27.0) Gecko/20100101 Firefox/27.0"
65.50.127.147 - - [08/Mar/2014:18:07:37 -0500] "GET /flowplayer-3.2.18.swf HTTP/1.1" 304 0 "http://gtstreams.com:10201/live/crysanthos" "Mozilla/5.0 (Windows NT 6.3; WOW64; rv:27.0) Gecko/20100101 Firefox/27.0"
65.50.127.147 [08/Mar/2014:18:07:50 -0500] PLAY "live" "crysanthos" "" - 514 4719303 "http://gtstreams.com:10201/live/crysanthos" "WIN 12,0,0,70" (13s)
65.50.127.147 - - [08/Mar/2014:18:08:04 -0500] "GET /live/crysanthos HTTP/1.1" 304 0 "http://gtstreams.com:10201/" "Mozilla/5.0 (Windows NT 6.3; WOW64; rv:27.0) Gecko/20100101 Firefox/27.0"
65.50.74.205 - - [08/Mar/2014:18:08:23 -0500] "GET /live/crysanthos HTTP/1.1" 304 0 "-" "Mozilla/5.0 (X11; Ubuntu; Linux x86_64; rv:26.0) Gecko/20100101 Firefox/26.0"
65.50.74.205 - - [08/Mar/2014:18:08:42 -0500] "GET /live/crysanthos HTTP/1.1" 200 2076 "-" "Mozilla/5.0 (X11; Ubuntu; Linux x86_64; rv:26.0) Gecko/20100101 Firefox/26.0"
65.50.74.205 [08/Mar/2014:18:08:42 -0500] PLAY "live" "crysanthos" "" - 503 5899578 "http://65.50.74.205:10201" "LNX 11,2,202,335" (18s)
65.50.74.205 - - [08/Mar/2014:18:08:42 -0500] "GET /flowplayer-3.2.13.min.js HTTP/1.1" 304 0 "http://65.50.74.205:10201/live/crysanthos" "Mozilla/5.0 (X11; Ubuntu; Linux x86_64; rv:26.0) Gecko/20100101 Firefox/26.0"
65.50.74.205 - - [08/Mar/2014:18:08:42 -0500] "GET /live/livetheme.css HTTP/1.1" 304 0 "http://65.50.74.205:10201/live/crysanthos" "Mozilla/5.0 (X11; Ubuntu; Linux x86_64; rv:26.0) Gecko/20100101 Firefox/26.0"
65.50.74.205 - - [08/Mar/2014:18:08:59 -0500] "GET /live/crysanthos HTTP/1.1" 200 2075 "-" "Mozilla/5.0 (X11; Ubuntu; Linux x86_64; rv:26.0) Gecko/20100101 Firefox/26.0"
65.50.74.205 - - [08/Mar/2014:18:08:59 -0500] "GET /flowplayer-3.2.13.min.js HTTP/1.1" 304 0 "http://65.50.74.205:10201/live/crysanthos" "Mozilla/5.0 (X11; Ubuntu; Linux x86_64; rv:26.0) Gecko/20100101 Firefox/26.0"
65.50.74.205 - - [08/Mar/2014:18:08:59 -0500] "GET /live/livetheme.css HTTP/1.1" 304 0 "http://65.50.74.205:10201/live/crysanthos" "Mozilla/5.0 (X11; Ubuntu; Linux x86_64; rv:26.0) Gecko/20100101 Firefox/26.0"
65.50.74.205 - - [08/Mar/2014:18:08:59 -0500] "GET /flowplayer-3.2.18.swf HTTP/1.1" 304 0 "http://65.50.74.205:10201/live/crysanthos" "Mozilla/5.0 (X11; Ubuntu; Linux x86_64; rv:26.0) Gecko/20100101 Firefox/26.0"
65.50.74.205 - - [08/Mar/2014:18:10:50 -0500] "GET /live/crysanthos HTTP/1.1" 200 1779 "-" "Mozilla/5.0 (X11; Ubuntu; Linux x86_64; rv:26.0) Gecko/20100101 Firefox/26.0"
65.50.74.205 [08/Mar/2014:18:10:50 -0500] PLAY "live" "crysanthos" "" - 578 43919457 "http://65.50.74.205:10201" "LNX 11,2,202,335" (1m 50s)
65.50.74.205 - - [08/Mar/2014:18:10:50 -0500] "GET /flowplayer-3.2.13.min.js HTTP/1.1" 304 0 "http://65.50.74.205:10201/live/crysanthos" "Mozilla/5.0 (X11; Ubuntu; Linux x86_64; rv:26.0) Gecko/20100101 Firefox/26.0"
65.50.74.205 - - [08/Mar/2014:18:10:50 -0500] "GET /live/livetheme.css HTTP/1.1" 304 0 "http://65.50.74.205:10201/live/crysanthos" "Mozilla/5.0 (X11; Ubuntu; Linux x86_64; rv:26.0) Gecko/20100101 Firefox/26.0"
65.50.74.205 - - [08/Mar/2014:18:10:50 -0500] "GET /flowplayer-3.2.18.swf HTTP/1.1" 304 0 "http://65.50.74.205:10201/live/crysanthos" "Mozilla/5.0 (X11; Ubuntu; Linux x86_64; rv:26.0) Gecko/20100101 Firefox/26.0"
65.50.74.205 [08/Mar/2014:18:10:57 -0500] PLAY "live" "crysanthos" "" - 482 1535818 "http://65.50.74.205:10201" "LNX 11,2,202,335" (5s)
65.50.127.147 [08/Mar/2014:18:11:39 -0500] PLAY "live" "crysanthos" "" - 679 85281730 "http://gtstreams.com:10201/live/crysanthos" "WIN 12,0,0,70" (3m 35s)
65.50.127.147 [08/Mar/2014:18:13:01 -0500] PUBLISH "live" "crysanthos" "" - 119690900 529 "" "FMLE/3.0 (compatible; FMSc/1.0)" (4m 59s)
65.50.127.147 - - [08/Mar/2014:18:13:40 -0500] "GET /live/crysanthos HTTP/1.1" 200 1779 "http://gtstreams.com:10201/" "Mozilla/5.0 (Windows NT 6.3; WOW64; rv:27.0) Gecko/20100101 Firefox/27.0"
65.50.127.147 - - [08/Mar/2014:18:13:40 -0500] "GET /live/livetheme.css HTTP/1.1" 304 0 "http://gtstreams.com:10201/live/crysanthos" "Mozilla/5.0 (Windows NT 6.3; WOW64; rv:27.0) Gecko/20100101 Firefox/27.0"
65.50.127.147 [08/Mar/2014:18:14:06 -0500] PLAY "live" "crysanthos" "" - 586 7572854 "http://gtstreams.com:10201/live/crysanthos" "WIN 12,0,0,70" (25s)
128.61.87.117 - - [08/Mar/2014:18:14:19 -0500] "GET /live/crysanthos HTTP/1.1" 200 1779 "-" "Mozilla/5.0 (Windows NT 6.2; WOW64) AppleWebKit/537.36 (KHTML, like Gecko) Chrome/33.0.1750.146 Safari/537.36"
128.61.87.117 - - [08/Mar/2014:18:14:19 -0500] "GET /flowplayer-3.2.13.min.js HTTP/1.1" 200 16279 "http://gtstreams.com:10201/live/crysanthos" "Mozilla/5.0 (Windows NT 6.2; WOW64) AppleWebKit/537.36 (KHTML, like Gecko) Chrome/33.0.1750.146 Safari/537.36"
128.61.87.117 - - [08/Mar/2014:18:14:19 -0500] "GET /live/livetheme.css HTTP/1.1" 200 684 "http://gtstreams.com:10201/live/crysanthos" "Mozilla/5.0 (Windows NT 6.2; WOW64) AppleWebKit/537.36 (KHTML, like Gecko) Chrome/33.0.1750.146 Safari/537.36"
128.61.87.117 - - [08/Mar/2014:18:14:19 -0500] "GET /favicon.ico HTTP/1.1" 404 571 "-" "Mozilla/5.0 (Windows NT 6.2; WOW64) AppleWebKit/537.36 (KHTML, like Gecko) Chrome/33.0.1750.146 Safari/537.36"
128.61.87.117 - - [08/Mar/2014:18:14:19 -0500] "GET /flowplayer-3.2.18.swf HTTP/1.1" 200 129772 "http://gtstreams.com:10201/live/crysanthos" "Mozilla/5.0 (Windows NT 6.2; WOW64) AppleWebKit/537.36 (KHTML, like Gecko) Chrome/33.0.1750.146 Safari/537.36"
128.61.87.117 - - [08/Mar/2014:18:14:20 -0500] "GET /flowplayer.rtmp-3.2.13.swf HTTP/1.1" 200 5932 "http://gtstreams.com:10201/live/crysanthos" "Mozilla/5.0 (Windows NT 6.2; WOW64) AppleWebKit/537.36 (KHTML, like Gecko) Chrome/33.0.1750.146 Safari/537.36"
128.61.87.117 - - [08/Mar/2014:18:14:20 -0500] "GET /flowplayer.controls-3.2.16.swf HTTP/1.1" 200 38274 "http://gtstreams.com:10201/live/crysanthos" "Mozilla/5.0 (Windows NT 6.2; WOW64) AppleWebKit/537.36 (KHTML, like Gecko) Chrome/33.0.1750.146 Safari/537.36"
128.61.81.213 - - [08/Mar/2014:18:14:24 -0500] "GET /live/crysanthos HTTP/1.1" 200 1779 "-" "Mozilla/5.0 (Windows NT 6.1; WOW64; rv:27.0) Gecko/20100101 Firefox/27.0"
128.61.81.213 [08/Mar/2014:18:14:34 -0500] PLAY "live" "crysanthos" "" - 502 2373996 "http://gtstreams.com:10201/live/crysanthos" "WIN 12,0,0,70" (8s)
50.147.240.42 - - [08/Mar/2014:18:14:50 -0500] "GET /live/crysanthos HTTP/1.1" 200 1779 "-" "Mozilla/5.0 (Windows NT 6.1; WOW64) AppleWebKit/537.36 (KHTML, like Gecko) Chrome/33.0.1750.146 Safari/537.36"
50.147.240.42 - - [08/Mar/2014:18:14:50 -0500] "GET /flowplayer-3.2.13.min.js HTTP/1.1" 200 16279 "http://gtstreams.com:10201/live/crysanthos" "Mozilla/5.0 (Windows NT 6.1; WOW64) AppleWebKit/537.36 (KHTML, like Gecko) Chrome/33.0.1750.146 Safari/537.36"
50.147.240.42 - - [08/Mar/2014:18:14:50 -0500] "GET /live/livetheme.css HTTP/1.1" 200 684 "http://gtstreams.com:10201/live/crysanthos" "Mozilla/5.0 (Windows NT 6.1; WOW64) AppleWebKit/537.36 (KHTML, like Gecko) Chrome/33.0.1750.146 Safari/537.36"
50.147.240.42 - - [08/Mar/2014:18:14:50 -0500] "GET /favicon.ico HTTP/1.1" 404 571 "-" "Mozilla/5.0 (Windows NT 6.1; WOW64) AppleWebKit/537.36 (KHTML, like Gecko) Chrome/33.0.1750.146 Safari/537.36"
50.147.240.42 - - [08/Mar/2014:18:14:50 -0500] "GET /flowplayer-3.2.18.swf HTTP/1.1" 200 129772 "http://gtstreams.com:10201/live/crysanthos" "Mozilla/5.0 (Windows NT 6.1; WOW64) AppleWebKit/537.36 (KHTML, like Gecko) Chrome/33.0.1750.146 Safari/537.36"
50.147.240.42 - - [08/Mar/2014:18:14:50 -0500] "GET /flowplayer.rtmp-3.2.13.swf HTTP/1.1" 200 5932 "http://gtstreams.com:10201/live/crysanthos" "Mozilla/5.0 (Windows NT 6.1; WOW64) AppleWebKit/537.36 (KHTML, like Gecko) Chrome/33.0.1750.146 Safari/537.36"
50.147.240.42 - - [08/Mar/2014:18:14:50 -0500] "GET /flowplayer.controls-3.2.16.swf HTTP/1.1" 200 38274 "http://gtstreams.com:10201/live/crysanthos" "Mozilla/5.0 (Windows NT 6.1; WOW64) AppleWebKit/537.36 (KHTML, like Gecko) Chrome/33.0.1750.146 Safari/537.36"
128.61.87.117 [08/Mar/2014:18:15:15 -0500] PLAY "live" "crysanthos" "" - 548 7198846 "http://gtstreams.com:10201/live/crysanthos" "WIN 12,0,0,70" (55s)
50.147.240.42 [08/Mar/2014:18:15:48 -0500] PLAY "live" "crysanthos" "" - 506 22445719 "http://gtstreams.com:10201/live/crysanthos" "WIN 12,0,0,70" (57s)
65.50.127.147 - - [08/Mar/2014:18:16:29 -0500] "GET /live/crysanthos HTTP/1.1" 200 1779 "-" "Mozilla/5.0 (Windows NT 6.3; WOW64; rv:27.0) Gecko/20100101 Firefox/27.0"
65.50.127.147 [08/Mar/2014:18:16:32 -0500] PLAY "live" "crysanthos" "" - 499 28664 "http://65.50.74.205:10201/live/crysanthos" "WIN 12,0,0,70" (3s)
65.50.127.147 - - [08/Mar/2014:18:16:38 -0500] "GET /live/crysanthos HTTP/1.1" 304 0 "-" "Mozilla/5.0 (Windows NT 6.3; WOW64; rv:27.0) Gecko/20100101 Firefox/27.0"
65.50.127.147 [08/Mar/2014:18:16:38 -0500] PLAY "live" "crysanthos" "" - 495 1035502 "http://65.50.74.205:10201/live/crysanthos" "WIN 12,0,0,70" (3s)
65.50.127.147 - - [08/Mar/2014:18:16:38 -0500] "GET /flowplayer-3.2.13.min.js HTTP/1.1" 304 0 "http://65.50.74.205:10201/live/crysanthos" "Mozilla/5.0 (Windows NT 6.3; WOW64; rv:27.0) Gecko/20100101 Firefox/27.0"
65.50.127.147 - - [08/Mar/2014:18:16:38 -0500] "GET /live/livetheme.css HTTP/1.1" 200 684 "http://65.50.74.205:10201/live/crysanthos" "Mozilla/5.0 (Windows NT 6.3; WOW64; rv:27.0) Gecko/20100101 Firefox/27.0"
65.50.127.147 - - [08/Mar/2014:18:16:38 -0500] "GET /flowplayer-3.2.18.swf HTTP/1.1" 304 0 "http://65.50.74.205:10201/live/crysanthos" "Mozilla/5.0 (Windows NT 6.3; WOW64; rv:27.0) Gecko/20100101 Firefox/27.0"
65.50.127.147 [08/Mar/2014:18:16:50 -0500] PLAY "live" "crysanthos" "" - 511 3985831 "http://65.50.74.205:10201/live/crysanthos" "WIN 12,0,0,70" (11s)
128.61.87.117 [08/Mar/2014:18:17:01 -0500] PLAY "live" "crysanthos" "" - 524 10378225 "http://gtstreams.com:10201/live/crysanthos" "WIN 12,0,0,70" (29s)
65.50.127.147 - - [08/Mar/2014:18:17:51 -0500] "GET /live/crysanthos HTTP/1.1" 304 0 "http://gtstreams.com:10201/" "Mozilla/5.0 (Windows NT 6.3; WOW64; rv:27.0) Gecko/20100101 Firefox/27.0"
65.50.127.147 - - [08/Mar/2014:18:17:51 -0500] "GET /live/livetheme.css HTTP/1.1" 304 0 "http://gtstreams.com:10201/live/crysanthos" "Mozilla/5.0 (Windows NT 6.3; WOW64; rv:27.0) Gecko/20100101 Firefox/27.0"
65.50.127.147 [08/Mar/2014:18:17:52 -0500] PLAY "live" "crysanthos" "" - 502 871 "http://gtstreams.com:10201/live/crysanthos" "WIN 12,0,0,70" (0s)
65.50.127.147 [08/Mar/2014:18:41:22 -0500] PLAY "live" "crysanthos" "" - 1634 563040844 "http://gtstreams.com:10201/live/crysanthos" "WIN 12,0,0,70" (23m 29s)
65.50.127.147 [08/Mar/2014:18:41:25 -0500] PUBLISH "live" "crysanthos" "" - 671349925 529 "" "FMLE/3.0 (compatible; FMSc/1.0)" (27m 57s)
65.50.127.147 - - [08/Mar/2014:18:49:40 -0500] "GET / HTTP/1.1" 304 0 "-" "Mozilla/5.0 (Windows NT 6.3; WOW64; rv:27.0) Gecko/20100101 Firefox/27.0"
65.50.127.147 - - [08/Mar/2014:18:49:41 -0500] "GET /live/crysanthos HTTP/1.1" 304 0 "http://gtstreams.com:10201/" "Mozilla/5.0 (Windows NT 6.3; WOW64; rv:27.0) Gecko/20100101 Firefox/27.0"
65.50.127.147 - - [08/Mar/2014:18:49:41 -0500] "GET /live/livetheme.css HTTP/1.1" 304 0 "http://gtstreams.com:10201/live/crysanthos" "Mozilla/5.0 (Windows NT 6.3; WOW64; rv:27.0) Gecko/20100101 Firefox/27.0"
128.61.87.117 - - [08/Mar/2014:18:52:00 -0500] "GET /live/crysanthos HTTP/1.1" 304 0 "-" "Mozilla/5.0 (Windows NT 6.2; WOW64) AppleWebKit/537.36 (KHTML, like Gecko) Chrome/33.0.1750.146 Safari/537.36"
128.61.87.117 - - [08/Mar/2014:18:52:00 -0500] "GET /live/livetheme.css HTTP/1.1" 304 0 "http://gtstreams.com:10201/live/crysanthos" "Mozilla/5.0 (Windows NT 6.2; WOW64) AppleWebKit/537.36 (KHTML, like Gecko) Chrome/33.0.1750.146 Safari/537.36"
128.61.87.117 [08/Mar/2014:18:52:23 -0500] PLAY "live" "crysanthos" "" - 459 436 "http://gtstreams.com:10201/live/crysanthos" "WIN 12,0,0,70" (22s)
128.61.82.128 - - [08/Mar/2014:18:52:26 -0500] "GET /live/crysanthos HTTP/1.1" 200 1779 "-" "Mozilla/5.0 (Windows NT 6.2; WOW64) AppleWebKit/537.36 (KHTML, like Gecko) Chrome/33.0.1750.146 Safari/537.36"
128.61.82.128 - - [08/Mar/2014:18:52:27 -0500] "GET /flowplayer-3.2.13.min.js HTTP/1.1" 200 16279 "http://gtstreams.com:10201/live/crysanthos" "Mozilla/5.0 (Windows NT 6.2; WOW64) AppleWebKit/537.36 (KHTML, like Gecko) Chrome/33.0.1750.146 Safari/537.36"
128.61.82.128 - - [08/Mar/2014:18:52:27 -0500] "GET /live/livetheme.css HTTP/1.1" 200 684 "http://gtstreams.com:10201/live/crysanthos" "Mozilla/5.0 (Windows NT 6.2; WOW64) AppleWebKit/537.36 (KHTML, like Gecko) Chrome/33.0.1750.146 Safari/537.36"
128.61.82.128 - - [08/Mar/2014:18:52:27 -0500] "GET /favicon.ico HTTP/1.1" 404 571 "-" "Mozilla/5.0 (Windows NT 6.2; WOW64) AppleWebKit/537.36 (KHTML, like Gecko) Chrome/33.0.1750.146 Safari/537.36"
128.61.82.128 - - [08/Mar/2014:18:52:27 -0500] "GET /flowplayer-3.2.18.swf HTTP/1.1" 200 129772 "http://gtstreams.com:10201/live/crysanthos" "Mozilla/5.0 (Windows NT 6.2; WOW64) AppleWebKit/537.36 (KHTML, like Gecko) Chrome/33.0.1750.146 Safari/537.36"
128.61.82.128 - - [08/Mar/2014:18:52:27 -0500] "GET /flowplayer.rtmp-3.2.13.swf HTTP/1.1" 200 5932 "http://gtstreams.com:10201/live/crysanthos" "Mozilla/5.0 (Windows NT 6.2; WOW64) AppleWebKit/537.36 (KHTML, like Gecko) Chrome/33.0.1750.146 Safari/537.36"
128.61.82.128 - - [08/Mar/2014:18:52:27 -0500] "GET /flowplayer.controls-3.2.16.swf HTTP/1.1" 200 38274 "http://gtstreams.com:10201/live/crysanthos" "Mozilla/5.0 (Windows NT 6.2; WOW64) AppleWebKit/537.36 (KHTML, like Gecko) Chrome/33.0.1750.146 Safari/537.36"
65.50.127.147 - - [08/Mar/2014:18:53:02 -0500] "GET /live/crysanthos HTTP/1.1" 304 0 "http://gtstreams.com:10201/" "Mozilla/5.0 (Windows NT 6.3; WOW64; rv:27.0) Gecko/20100101 Firefox/27.0"
65.50.127.147 [08/Mar/2014:18:53:02 -0500] PLAY "live" "crysanthos" "" - 545 7703617 "http://gtstreams.com:10201/live/crysanthos" "WIN 12,0,0,70" (3m 20s)
65.50.127.147 - - [08/Mar/2014:18:53:02 -0500] "GET /flowplayer-3.2.13.min.js HTTP/1.1" 304 0 "http://gtstreams.com:10201/live/crysanthos" "Mozilla/5.0 (Windows NT 6.3; WOW64; rv:27.0) Gecko/20100101 Firefox/27.0"
65.50.127.147 - - [08/Mar/2014:18:53:02 -0500] "GET /live/livetheme.css HTTP/1.1" 304 0 "http://gtstreams.com:10201/live/crysanthos" "Mozilla/5.0 (Windows NT 6.3; WOW64; rv:27.0) Gecko/20100101 Firefox/27.0"
65.50.127.147 - - [08/Mar/2014:18:53:02 -0500] "GET /flowplayer-3.2.18.swf HTTP/1.1" 304 0 "http://gtstreams.com:10201/live/crysanthos" "Mozilla/5.0 (Windows NT 6.3; WOW64; rv:27.0) Gecko/20100101 Firefox/27.0"
65.50.127.147 [08/Mar/2014:18:53:13 -0500] PLAY "live" "crysanthos" "" - 514 3604096 "http://gtstreams.com:10201/live/crysanthos" "WIN 12,0,0,70" (10s)
65.50.127.147 [08/Mar/2014:18:53:21 -0500] PUBLISH "live" "crysanthos" "" - 15448805 529 "" "FMLE/3.0 (compatible; FMSc/1.0)" (39s)
128.61.82.128 [08/Mar/2014:18:53:26 -0500] PLAY "live" "crysanthos" "" - 563 14569063 "http://gtstreams.com:10201/live/crysanthos" "WIN 12,0,0,70" (58s)
128.61.105.88 - - [08/Mar/2014:18:56:42 -0500] "GET /live/crysanthos HTTP/1.1" 200 1779 "-" "Mozilla/5.0 (Windows NT 6.3; WOW64) AppleWebKit/537.36 (KHTML, like Gecko) Chrome/33.0.1750.146 Safari/537.36"
128.61.105.88 - - [08/Mar/2014:18:56:42 -0500] "GET /flowplayer-3.2.13.min.js HTTP/1.1" 200 16279 "http://gtstreams.com:10201/live/crysanthos" "Mozilla/5.0 (Windows NT 6.3; WOW64) AppleWebKit/537.36 (KHTML, like Gecko) Chrome/33.0.1750.146 Safari/537.36"
128.61.105.88 - - [08/Mar/2014:18:56:42 -0500] "GET /live/livetheme.css HTTP/1.1" 200 684 "http://gtstreams.com:10201/live/crysanthos" "Mozilla/5.0 (Windows NT 6.3; WOW64) AppleWebKit/537.36 (KHTML, like Gecko) Chrome/33.0.1750.146 Safari/537.36"
128.61.105.88 - - [08/Mar/2014:18:56:42 -0500] "GET /favicon.ico HTTP/1.1" 404 571 "-" "Mozilla/5.0 (Windows NT 6.3; WOW64) AppleWebKit/537.36 (KHTML, like Gecko) Chrome/33.0.1750.146 Safari/537.36"
128.61.105.88 - - [08/Mar/2014:18:56:42 -0500] "GET /flowplayer-3.2.18.swf HTTP/1.1" 200 129772 "http://gtstreams.com:10201/live/crysanthos" "Mozilla/5.0 (Windows NT 6.3; WOW64) AppleWebKit/537.36 (KHTML, like Gecko) Chrome/33.0.1750.146 Safari/537.36"
128.61.105.88 - - [08/Mar/2014:18:56:42 -0500] "GET /flowplayer.controls-3.2.16.swf HTTP/1.1" 200 38274 "http://gtstreams.com:10201/live/crysanthos" "Mozilla/5.0 (Windows NT 6.3; WOW64) AppleWebKit/537.36 (KHTML, like Gecko) Chrome/33.0.1750.146 Safari/537.36"
128.61.105.88 - - [08/Mar/2014:18:56:42 -0500] "GET /flowplayer.rtmp-3.2.13.swf HTTP/1.1" 200 5932 "http://gtstreams.com:10201/live/crysanthos" "Mozilla/5.0 (Windows NT 6.3; WOW64) AppleWebKit/537.36 (KHTML, like Gecko) Chrome/33.0.1750.146 Safari/537.36"
50.147.240.42 - - [08/Mar/2014:18:56:48 -0500] "GET /live/crysanthos HTTP/1.1" 304 0 "-" "Mozilla/5.0 (Windows NT 6.1; WOW64) AppleWebKit/537.36 (KHTML, like Gecko) Chrome/33.0.1750.146 Safari/537.36"
50.147.240.42 - - [08/Mar/2014:18:56:48 -0500] "GET /live/livetheme.css HTTP/1.1" 304 0 "http://gtstreams.com:10201/live/crysanthos" "Mozilla/5.0 (Windows NT 6.1; WOW64) AppleWebKit/537.36 (KHTML, like Gecko) Chrome/33.0.1750.146 Safari/537.36"
128.61.105.88 [08/Mar/2014:18:56:51 -0500] PLAY "live" "crysanthos" "" - 471 2889289 "http://gtstreams.com:10201/live/crysanthos" "WIN 12,0,0,70" (8s)
50.147.240.42 [08/Mar/2014:18:58:42 -0500] PLAY "live" "crysanthos" "" - 623 43520504 "http://gtstreams.com:10201/live/crysanthos" "WIN 12,0,0,70" (1m 53s)
128.61.82.128 [08/Mar/2014:18:59:28 -0500] PLAY "live" "crysanthos" "" - 591 64211078 "http://gtstreams.com:10201/live/crysanthos" "WIN 12,0,0,70" (2m 42s)
65.50.127.147 [08/Mar/2014:19:00:31 -0500] PUBLISH "live" "crysanthos" "" - 116710967 529 "" "FMLE/3.0 (compatible; FMSc/1.0)" (4m 52s)
65.50.127.147 - - [08/Mar/2014:19:00:49 -0500] "GET /live/crysanthos HTTP/1.1" 304 0 "http://gtstreams.com:10201/" "Mozilla/5.0 (Windows NT 6.3; WOW64; rv:27.0) Gecko/20100101 Firefox/27.0"
65.50.127.147 [08/Mar/2014:19:00:49 -0500] PLAY "live" "crysanthos" "" - 739 115390061 "http://gtstreams.com:10201/live/crysanthos" "WIN 12,0,0,70" (4m 54s)
65.50.127.147 - - [08/Mar/2014:19:00:49 -0500] "GET /flowplayer-3.2.13.min.js HTTP/1.1" 304 0 "http://gtstreams.com:10201/live/crysanthos" "Mozilla/5.0 (Windows NT 6.3; WOW64; rv:27.0) Gecko/20100101 Firefox/27.0"
65.50.127.147 - - [08/Mar/2014:19:00:49 -0500] "GET /live/livetheme.css HTTP/1.1" 304 0 "http://gtstreams.com:10201/live/crysanthos" "Mozilla/5.0 (Windows NT 6.3; WOW64; rv:27.0) Gecko/20100101 Firefox/27.0"
65.50.127.147 - - [08/Mar/2014:19:00:49 -0500] "GET /flowplayer-3.2.18.swf HTTP/1.1" 304 0 "http://gtstreams.com:10201/live/crysanthos" "Mozilla/5.0 (Windows NT 6.3; WOW64; rv:27.0) Gecko/20100101 Firefox/27.0"
65.50.127.147 [08/Mar/2014:19:00:59 -0500] PLAY "live" "crysanthos" "" - 514 3524137 "http://gtstreams.com:10201/live/crysanthos" "WIN 12,0,0,70" (10s)
65.50.127.147 [08/Mar/2014:19:01:05 -0500] PUBLISH "live" "crysanthos" "" - 12643878 529 "" "FMLE/3.0 (compatible; FMSc/1.0)" (32s)
128.61.105.88 [08/Mar/2014:19:02:16 -0500] PLAY "live" "crysanthos" "" - 662 102464128 "http://gtstreams.com:10201/live/crysanthos" "WIN 12,0,0,70" (5m 22s)
128.61.105.88 - - [08/Mar/2014:19:02:21 -0500] "GET / HTTP/1.1" 200 367 "-" "Mozilla/5.0 (Windows NT 6.3; WOW64) AppleWebKit/537.36 (KHTML, like Gecko) Chrome/33.0.1750.146 Safari/537.36"
128.61.105.88 [08/Mar/2014:19:02:21 -0500] PLAY "live" "crysanthos" "" - 455 805160 "http://gtstreams.com:10201/live/crysanthos" "WIN 12,0,0,70" (2s)
128.61.105.88 - - [08/Mar/2014:19:02:21 -0500] "GET /theme.css HTTP/1.1" 200 237 "http://gtstreams.com:10201/" "Mozilla/5.0 (Windows NT 6.3; WOW64) AppleWebKit/537.36 (KHTML, like Gecko) Chrome/33.0.1750.146 Safari/537.36"
128.61.105.88 - - [08/Mar/2014:19:03:42 -0500] "GET / HTTP/1.1" 304 0 "-" "Mozilla/5.0 (Windows NT 6.3; WOW64) AppleWebKit/537.36 (KHTML, like Gecko) Chrome/33.0.1750.146 Safari/537.36"
128.61.105.88 - - [08/Mar/2014:19:03:44 -0500] "GET /live/crysanthos HTTP/1.1" 304 0 "http://gtstreams.com:10201/" "Mozilla/5.0 (Windows NT 6.3; WOW64) AppleWebKit/537.36 (KHTML, like Gecko) Chrome/33.0.1750.146 Safari/537.36"
128.61.105.88 - - [08/Mar/2014:19:03:47 -0500] "GET /live/shizoli HTTP/1.1" 200 1779 "-" "Mozilla/5.0 (Windows NT 6.3; WOW64) AppleWebKit/537.36 (KHTML, like Gecko) Chrome/33.0.1750.146 Safari/537.36"
128.61.105.88 [08/Mar/2014:19:03:47 -0500] PLAY "live" "crysanthos" "" - 459 368584 "http://gtstreams.com:10201/live/crysanthos" "WIN 12,0,0,70" (2s)
128.61.82.128 [08/Mar/2014:19:04:03 -0500] PUBLISH "live" "shizoli" "" - 7788672 529 "" "FMLE/3.0 (compatible; FMSc/1.0)" (18s)
65.50.127.147 - - [08/Mar/2014:19:04:04 -0500] "GET /live/shizoli HTTP/1.1" 200 1779 "-" "Mozilla/5.0 (Windows NT 6.3; WOW64; rv:27.0) Gecko/20100101 Firefox/27.0"
65.50.127.147 - - [08/Mar/2014:19:04:13 -0500] "GET /live/shizoli HTTP/1.1" 304 0 "-" "Mozilla/5.0 (Windows NT 6.3; WOW64; rv:27.0) Gecko/20100101 Firefox/27.0"
65.50.127.147 [08/Mar/2014:19:04:13 -0500] PLAY "live" "shizoli" "" - 496 1349697 "http://gtstreams.com:10201/live/shizoli" "WIN 12,0,0,70" (8s)
65.50.127.147 - - [08/Mar/2014:19:04:13 -0500] "GET /flowplayer-3.2.13.min.js HTTP/1.1" 304 0 "http://gtstreams.com:10201/live/shizoli" "Mozilla/5.0 (Windows NT 6.3; WOW64; rv:27.0) Gecko/20100101 Firefox/27.0"
65.50.127.147 - - [08/Mar/2014:19:04:13 -0500] "GET /live/livetheme.css HTTP/1.1" 304 0 "http://gtstreams.com:10201/live/shizoli" "Mozilla/5.0 (Windows NT 6.3; WOW64; rv:27.0) Gecko/20100101 Firefox/27.0"
65.50.127.147 - - [08/Mar/2014:19:04:13 -0500] "GET /flowplayer-3.2.18.swf HTTP/1.1" 304 0 "http://gtstreams.com:10201/live/shizoli" "Mozilla/5.0 (Windows NT 6.3; WOW64; rv:27.0) Gecko/20100101 Firefox/27.0"
50.147.240.42 - - [08/Mar/2014:19:04:22 -0500] "GET /live/crysanthos HTTP/1.1" 304 0 "-" "Mozilla/5.0 (Windows NT 6.1; WOW64) AppleWebKit/537.36 (KHTML, like Gecko) Chrome/33.0.1750.146 Safari/537.36"
50.147.240.42 - - [08/Mar/2014:19:04:22 -0500] "GET /live/livetheme.css HTTP/1.1" 304 0 "http://gtstreams.com:10201/live/crysanthos" "Mozilla/5.0 (Windows NT 6.1; WOW64) AppleWebKit/537.36 (KHTML, like Gecko) Chrome/33.0.1750.146 Safari/537.36"
50.147.240.42 - - [08/Mar/2014:19:04:25 -0500] "GET /live/shizoli HTTP/1.1" 200 1779 "-" "Mozilla/5.0 (Windows NT 6.1; WOW64) AppleWebKit/537.36 (KHTML, like Gecko) Chrome/33.0.1750.146 Safari/537.36"
50.147.240.42 [08/Mar/2014:19:04:25 -0500] PLAY "live" "crysanthos" "" - 455 853 "http://gtstreams.com:10201/live/crysanthos" "WIN 12,0,0,70" (2s)
65.50.127.147 [08/Mar/2014:19:04:33 -0500] PUBLISH "live" "crysanthos" "" - 58614403 529 "" "FMLE/3.0 (compatible; FMSc/1.0)" (2m 27s)
50.147.240.42 [08/Mar/2014:19:06:12 -0500] PLAY "live" "shizoli" "" - 627 47688516 "http://gtstreams.com:10201/live/shizoli" "WIN 12,0,0,70" (1m 46s)
50.147.240.42 [08/Mar/2014:19:06:21 -0500] PLAY "live" "shizoli" "" - 525 2469597 "http://gtstreams.com:10201/live/shizoli" "WIN 12,0,0,70" (8s)
128.61.81.213 - - [08/Mar/2014:19:07:03 -0500] "GET /live/crysanthos HTTP/1.1" 304 0 "-" "Mozilla/5.0 (Windows NT 6.1; WOW64; rv:27.0) Gecko/20100101 Firefox/27.0"
128.61.81.213 - - [08/Mar/2014:19:07:03 -0500] "GET /live/livetheme.css HTTP/1.1" 200 684 "http://gtstreams.com:10201/live/crysanthos" "Mozilla/5.0 (Windows NT 6.1; WOW64; rv:27.0) Gecko/20100101 Firefox/27.0"
128.61.81.213 - - [08/Mar/2014:19:07:12 -0500] "GET /live/shizoli HTTP/1.1" 200 1779 "-" "Mozilla/5.0 (Windows NT 6.1; WOW64; rv:27.0) Gecko/20100101 Firefox/27.0"
128.61.81.213 [08/Mar/2014:19:07:12 -0500] PLAY "live" "crysanthos" "" - 502 542 "http://gtstreams.com:10201/live/crysanthos" "WIN 12,0,0,70" (7s)
128.61.82.128 - - [08/Mar/2014:19:07:13 -0500] "GET /live/shizoli HTTP/1.1" 200 1779 "-" "Mozilla/5.0 (Windows NT 6.2; WOW64) AppleWebKit/537.36 (KHTML, like Gecko) Chrome/33.0.1750.146 Safari/537.36"
128.61.82.128 - - [08/Mar/2014:19:07:13 -0500] "GET /live/livetheme.css HTTP/1.1" 304 0 "http://gtstreams.com:10201/live/shizoli" "Mozilla/5.0 (Windows NT 6.2; WOW64) AppleWebKit/537.36 (KHTML, like Gecko) Chrome/33.0.1750.146 Safari/537.36"
128.61.82.128 [08/Mar/2014:19:07:27 -0500] PLAY "live" "shizoli" "" - 470 5449812 "http://gtstreams.com:10201/live/shizoli" "WIN 12,0,0,70" (12s)
128.61.105.88 [08/Mar/2014:19:18:47 -0500] PLAY "live" "shizoli" "" - 1270 405356145 "http://gtstreams.com:10201/live/shizoli" "WIN 12,0,0,70" (14m 58s)
128.61.87.117 - - [08/Mar/2014:19:19:49 -0500] "GET /live/shizoli HTTP/1.1" 200 1779 "-" "Mozilla/5.0 (Windows NT 6.2; WOW64) AppleWebKit/537.36 (KHTML, like Gecko) Chrome/33.0.1750.146 Safari/537.36"
128.61.87.117 - - [08/Mar/2014:19:19:49 -0500] "GET /live/livetheme.css HTTP/1.1" 304 0 "http://gtstreams.com:10201/live/shizoli" "Mozilla/5.0 (Windows NT 6.2; WOW64) AppleWebKit/537.36 (KHTML, like Gecko) Chrome/33.0.1750.146 Safari/537.36"
128.61.87.117 [08/Mar/2014:19:19:52 -0500] PLAY "live" "shizoli" "" - 453 879275 "http://gtstreams.com:10201/live/shizoli" "WIN 12,0,0,70" (2s)
65.50.127.147 - - [08/Mar/2014:19:25:07 -0500] "GET /live/shizoli HTTP/1.1" 304 0 "-" "Mozilla/5.0 (Windows NT 6.3; WOW64; rv:27.0) Gecko/20100101 Firefox/27.0"
65.50.127.147 [08/Mar/2014:19:25:07 -0500] PLAY "live" "shizoli" "" - 1634 569597583 "http://gtstreams.com:10201/live/shizoli" "WIN 12,0,0,70" (20m 54s)
65.50.127.147 - - [08/Mar/2014:19:25:07 -0500] "GET /flowplayer-3.2.13.min.js HTTP/1.1" 304 0 "http://gtstreams.com:10201/live/shizoli" "Mozilla/5.0 (Windows NT 6.3; WOW64; rv:27.0) Gecko/20100101 Firefox/27.0"
65.50.127.147 - - [08/Mar/2014:19:25:07 -0500] "GET /live/livetheme.css HTTP/1.1" 304 0 "http://gtstreams.com:10201/live/shizoli" "Mozilla/5.0 (Windows NT 6.3; WOW64; rv:27.0) Gecko/20100101 Firefox/27.0"
65.50.127.147 - - [08/Mar/2014:19:25:07 -0500] "GET /flowplayer-3.2.18.swf HTTP/1.1" 304 0 "http://gtstreams.com:10201/live/shizoli" "Mozilla/5.0 (Windows NT 6.3; WOW64; rv:27.0) Gecko/20100101 Firefox/27.0"
65.50.127.147 - - [08/Mar/2014:19:28:38 -0500] "GET /live/shizoli HTTP/1.1" 200 1779 "-" "Mozilla/5.0 (Windows NT 6.3; WOW64) AppleWebKit/537.36 (KHTML, like Gecko) Chrome/33.0.1750.146 Safari/537.36"
65.50.127.147 - - [08/Mar/2014:19:28:38 -0500] "GET /flowplayer-3.2.13.min.js HTTP/1.1" 200 16279 "http://gtstreams.com:10201/live/shizoli" "Mozilla/5.0 (Windows NT 6.3; WOW64) AppleWebKit/537.36 (KHTML, like Gecko) Chrome/33.0.1750.146 Safari/537.36"
65.50.127.147 - - [08/Mar/2014:19:28:38 -0500] "GET /live/livetheme.css HTTP/1.1" 200 684 "http://gtstreams.com:10201/live/shizoli" "Mozilla/5.0 (Windows NT 6.3; WOW64) AppleWebKit/537.36 (KHTML, like Gecko) Chrome/33.0.1750.146 Safari/537.36"
65.50.127.147 - - [08/Mar/2014:19:28:38 -0500] "GET /favicon.ico HTTP/1.1" 404 571 "-" "Mozilla/5.0 (Windows NT 6.3; WOW64) AppleWebKit/537.36 (KHTML, like Gecko) Chrome/33.0.1750.146 Safari/537.36"
65.50.127.147 - - [08/Mar/2014:19:28:38 -0500] "GET /flowplayer-3.2.18.swf HTTP/1.1" 200 129772 "http://gtstreams.com:10201/live/shizoli" "Mozilla/5.0 (Windows NT 6.3; WOW64) AppleWebKit/537.36 (KHTML, like Gecko) Chrome/33.0.1750.146 Safari/537.36"
65.50.127.147 - - [08/Mar/2014:19:28:38 -0500] "GET /flowplayer.rtmp-3.2.13.swf HTTP/1.1" 200 5932 "http://gtstreams.com:10201/live/shizoli" "Mozilla/5.0 (Windows NT 6.3; WOW64) AppleWebKit/537.36 (KHTML, like Gecko) Chrome/33.0.1750.146 Safari/537.36"
65.50.127.147 - - [08/Mar/2014:19:28:38 -0500] "GET /flowplayer.controls-3.2.16.swf HTTP/1.1" 200 38274 "http://gtstreams.com:10201/live/shizoli" "Mozilla/5.0 (Windows NT 6.3; WOW64) AppleWebKit/537.36 (KHTML, like Gecko) Chrome/33.0.1750.146 Safari/537.36"
128.61.81.213 [08/Mar/2014:19:28:45 -0500] PLAY "live" "shizoli" "" - 1673 586663046 "http://gtstreams.com:10201/live/shizoli" "WIN 12,0,0,70" (21m 32s)
128.61.81.213 - - [08/Mar/2014:19:28:51 -0500] "GET /favicon.ico HTTP/1.1" 404 169 "-" "Mozilla/5.0 (Windows NT 6.1; WOW64; rv:27.0) Gecko/20100101 Firefox/27.0"
128.61.81.213 - - [08/Mar/2014:19:28:51 -0500] "GET /favicon.ico HTTP/1.1" 404 169 "-" "Mozilla/5.0 (Windows NT 6.1; WOW64; rv:27.0) Gecko/20100101 Firefox/27.0"
65.50.127.147 [08/Mar/2014:19:28:52 -0500] PLAY "live" "shizoli" "" - 470 5721515 "http://gtstreams.com:10201/live/shizoli" "WIN 12,0,0,70" (13s)
128.61.81.213 [08/Mar/2014:19:28:58 -0500] PLAY "live" "shizoli" "" - 508 2996020 "http://gtstreams.com:10201/live/shizoli" "WIN 12,0,0,70" (6s)
128.61.81.213 - - [08/Mar/2014:19:29:02 -0500] "GET /live/shizoli HTTP/1.1" 304 0 "-" "Mozilla/5.0 (Windows NT 6.1; WOW64; rv:27.0) Gecko/20100101 Firefox/27.0"
128.61.81.213 - - [08/Mar/2014:19:29:03 -0500] "GET /flowplayer-3.2.13.min.js HTTP/1.1" 304 0 "http://gtstreams.com:10201/live/shizoli" "Mozilla/5.0 (Windows NT 6.1; WOW64; rv:27.0) Gecko/20100101 Firefox/27.0"
128.61.81.213 - - [08/Mar/2014:19:29:03 -0500] "GET /live/livetheme.css HTTP/1.1" 304 0 "http://gtstreams.com:10201/live/shizoli" "Mozilla/5.0 (Windows NT 6.1; WOW64; rv:27.0) Gecko/20100101 Firefox/27.0"
128.61.81.213 - - [08/Mar/2014:19:29:03 -0500] "GET /flowplayer-3.2.18.swf HTTP/1.1" 304 0 "http://gtstreams.com:10201/live/shizoli" "Mozilla/5.0 (Windows NT 6.1; WOW64; rv:27.0) Gecko/20100101 Firefox/27.0"
128.61.81.213 [08/Mar/2014:19:29:10 -0500] PLAY "live" "shizoli" "" - 508 3053176 "http://gtstreams.com:10201/live/shizoli" "WIN 12,0,0,70" (7s)
128.61.81.213 - - [08/Mar/2014:19:29:20 -0500] "GET /live/shizoli HTTP/1.1" 304 0 "-" "Mozilla/5.0 (Windows NT 6.1; WOW64; rv:27.0) Gecko/20100101 Firefox/27.0"
128.61.81.213 - - [08/Mar/2014:19:29:20 -0500] "GET /flowplayer-3.2.13.min.js HTTP/1.1" 304 0 "http://gtstreams.com:10201/live/shizoli" "Mozilla/5.0 (Windows NT 6.1; WOW64; rv:27.0) Gecko/20100101 Firefox/27.0"
128.61.81.213 - - [08/Mar/2014:19:29:20 -0500] "GET /live/livetheme.css HTTP/1.1" 304 0 "http://gtstreams.com:10201/live/shizoli" "Mozilla/5.0 (Windows NT 6.1; WOW64; rv:27.0) Gecko/20100101 Firefox/27.0"
128.61.81.213 - - [08/Mar/2014:19:29:20 -0500] "GET /flowplayer-3.2.18.swf HTTP/1.1" 304 0 "http://gtstreams.com:10201/live/shizoli" "Mozilla/5.0 (Windows NT 6.1; WOW64; rv:27.0) Gecko/20100101 Firefox/27.0"
65.50.127.147 [08/Mar/2014:19:29:42 -0500] PLAY "live" "shizoli" "" - 496 20334425 "http://gtstreams.com:10201/live/shizoli" "WIN 12,0,0,70" (44s)
65.50.127.147 - - [08/Mar/2014:19:29:45 -0500] "GET /live/shizoli HTTP/1.1" 304 0 "-" "Mozilla/5.0 (Windows NT 6.3; WOW64) AppleWebKit/537.36 (KHTML, like Gecko) Chrome/33.0.1750.146 Safari/537.36"
65.50.127.147 [08/Mar/2014:19:29:45 -0500] PLAY "live" "shizoli" "" - 453 880427 "http://gtstreams.com:10201/live/shizoli" "WIN 12,0,0,70" (2s)
65.50.127.147 - - [08/Mar/2014:19:29:45 -0500] "GET /flowplayer-3.2.13.min.js HTTP/1.1" 304 0 "http://gtstreams.com:10201/live/shizoli" "Mozilla/5.0 (Windows NT 6.3; WOW64) AppleWebKit/537.36 (KHTML, like Gecko) Chrome/33.0.1750.146 Safari/537.36"
65.50.127.147 - - [08/Mar/2014:19:29:45 -0500] "GET /live/livetheme.css HTTP/1.1" 304 0 "http://gtstreams.com:10201/live/shizoli" "Mozilla/5.0 (Windows NT 6.3; WOW64) AppleWebKit/537.36 (KHTML, like Gecko) Chrome/33.0.1750.146 Safari/537.36"
128.61.81.213 [08/Mar/2014:19:29:49 -0500] PLAY "live" "shizoli" "" - 524 12545206 "http://gtstreams.com:10201/live/shizoli" "WIN 12,0,0,70" (28s)
128.61.81.213 - - [08/Mar/2014:19:30:06 -0500] "GET /live/shizoli HTTP/1.1" 304 0 "-" "Mozilla/5.0 (Windows NT 6.1; WOW64; rv:27.0) Gecko/20100101 Firefox/27.0"
128.61.81.213 - - [08/Mar/2014:19:30:06 -0500] "GET /flowplayer-3.2.13.min.js HTTP/1.1" 304 0 "http://gtstreams.com:10201/live/shizoli" "Mozilla/5.0 (Windows NT 6.1; WOW64; rv:27.0) Gecko/20100101 Firefox/27.0"
128.61.81.213 - - [08/Mar/2014:19:30:06 -0500] "GET /live/livetheme.css HTTP/1.1" 304 0 "http://gtstreams.com:10201/live/shizoli" "Mozilla/5.0 (Windows NT 6.1; WOW64; rv:27.0) Gecko/20100101 Firefox/27.0"
128.61.81.213 - - [08/Mar/2014:19:30:06 -0500] "GET /flowplayer-3.2.18.swf HTTP/1.1" 304 0 "http://gtstreams.com:10201/live/shizoli" "Mozilla/5.0 (Windows NT 6.1; WOW64; rv:27.0) Gecko/20100101 Firefox/27.0"
128.61.105.88 - - [08/Mar/2014:19:30:08 -0500] "GET /live/shizoli HTTP/1.1" 200 1779 "-" "Mozilla/5.0 (Windows NT 6.3; WOW64) AppleWebKit/537.36 (KHTML, like Gecko) Chrome/33.0.1750.146 Safari/537.36"
128.61.105.88 - - [08/Mar/2014:19:30:09 -0500] "GET /live/livetheme.css HTTP/1.1" 200 684 "http://gtstreams.com:10201/live/shizoli" "Mozilla/5.0 (Windows NT 6.3; WOW64) AppleWebKit/537.36 (KHTML, like Gecko) Chrome/33.0.1750.146 Safari/537.36"
65.50.127.147 [08/Mar/2014:19:30:16 -0500] PLAY "live" "shizoli" "" - 481 13000555 "http://gtstreams.com:10201/live/shizoli" "WIN 12,0,0,70" (29s)
128.61.105.88 [08/Mar/2014:19:30:24 -0500] PLAY "live" "shizoli" "" - 466 6345867 "http://gtstreams.com:10201/live/shizoli" "WIN 12,0,0,70" (14s)
65.50.74.205 - - [08/Mar/2014:19:38:31 -0500] "GET /live/crysanthos HTTP/1.1" 304 0 "-" "Mozilla/5.0 (X11; Ubuntu; Linux x86_64; rv:26.0) Gecko/20100101 Firefox/26.0"
65.50.74.205 - - [08/Mar/2014:19:38:32 -0500] "GET /live/livetheme.css HTTP/1.1" 200 875 "http://65.50.74.205:10201/live/crysanthos" "Mozilla/5.0 (X11; Ubuntu; Linux x86_64; rv:26.0) Gecko/20100101 Firefox/26.0"
65.50.74.205 - - [08/Mar/2014:19:38:38 -0500] "GET /live/crysanthos HTTP/1.1" 304 0 "-" "Mozilla/5.0 (X11; Ubuntu; Linux x86_64; rv:26.0) Gecko/20100101 Firefox/26.0"
65.50.74.205 [08/Mar/2014:19:38:38 -0500] PLAY "live" "crysanthos" "" - 486 542 "http://65.50.74.205:10201" "LNX 11,2,202,335" (5s)
65.50.74.205 - - [08/Mar/2014:19:38:38 -0500] "GET /flowplayer-3.2.13.min.js HTTP/1.1" 304 0 "http://65.50.74.205:10201/live/crysanthos" "Mozilla/5.0 (X11; Ubuntu; Linux x86_64; rv:26.0) Gecko/20100101 Firefox/26.0"
65.50.74.205 - - [08/Mar/2014:19:38:38 -0500] "GET /live/livetheme.css HTTP/1.1" 304 0 "http://65.50.74.205:10201/live/crysanthos" "Mozilla/5.0 (X11; Ubuntu; Linux x86_64; rv:26.0) Gecko/20100101 Firefox/26.0"
65.50.74.205 - - [08/Mar/2014:19:38:38 -0500] "GET /flowplayer-3.2.18.swf HTTP/1.1" 304 0 "http://65.50.74.205:10201/live/crysanthos" "Mozilla/5.0 (X11; Ubuntu; Linux x86_64; rv:26.0) Gecko/20100101 Firefox/26.0"
65.50.74.205 - - [08/Mar/2014:19:38:52 -0500] "GET /live/crysanthos HTTP/1.1" 304 0 "-" "Mozilla/5.0 (X11; Ubuntu; Linux x86_64; rv:26.0) Gecko/20100101 Firefox/26.0"
65.50.74.205 [08/Mar/2014:19:38:52 -0500] PLAY "live" "crysanthos" "" - 486 542 "http://65.50.74.205:10201" "LNX 11,2,202,335" (13s)
65.50.74.205 - - [08/Mar/2014:19:38:53 -0500] "GET /flowplayer-3.2.13.min.js HTTP/1.1" 304 0 "http://65.50.74.205:10201/live/crysanthos" "Mozilla/5.0 (X11; Ubuntu; Linux x86_64; rv:26.0) Gecko/20100101 Firefox/26.0"
65.50.74.205 - - [08/Mar/2014:19:38:53 -0500] "GET /live/livetheme.css HTTP/1.1" 200 875 "http://65.50.74.205:10201/live/crysanthos" "Mozilla/5.0 (X11; Ubuntu; Linux x86_64; rv:26.0) Gecko/20100101 Firefox/26.0"
65.50.74.205 - - [08/Mar/2014:19:38:53 -0500] "GET /flowplayer-3.2.18.swf HTTP/1.1" 304 0 "http://65.50.74.205:10201/live/crysanthos" "Mozilla/5.0 (X11; Ubuntu; Linux x86_64; rv:26.0) Gecko/20100101 Firefox/26.0"
65.50.74.205 - - [08/Mar/2014:19:39:36 -0500] "GET /live/crysanthos HTTP/1.1" 304 0 "-" "Mozilla/5.0 (X11; Ubuntu; Linux x86_64; rv:26.0) Gecko/20100101 Firefox/26.0"
65.50.74.205 [08/Mar/2014:19:39:36 -0500] PLAY "live" "crysanthos" "" - 482 542 "http://65.50.74.205:10201" "LNX 11,2,202,335" (42s)
65.50.74.205 - - [08/Mar/2014:19:39:36 -0500] "GET /flowplayer-3.2.13.min.js HTTP/1.1" 304 0 "http://65.50.74.205:10201/live/crysanthos" "Mozilla/5.0 (X11; Ubuntu; Linux x86_64; rv:26.0) Gecko/20100101 Firefox/26.0"
65.50.74.205 - - [08/Mar/2014:19:39:36 -0500] "GET /live/livetheme.css HTTP/1.1" 200 884 "http://65.50.74.205:10201/live/crysanthos" "Mozilla/5.0 (X11; Ubuntu; Linux x86_64; rv:26.0) Gecko/20100101 Firefox/26.0"
65.50.74.205 - - [08/Mar/2014:19:39:36 -0500] "GET /flowplayer-3.2.18.swf HTTP/1.1" 304 0 "http://65.50.74.205:10201/live/crysanthos" "Mozilla/5.0 (X11; Ubuntu; Linux x86_64; rv:26.0) Gecko/20100101 Firefox/26.0"
65.50.74.205 - - [08/Mar/2014:19:39:46 -0500] "GET /live/crysanthos HTTP/1.1" 304 0 "-" "Mozilla/5.0 (X11; Ubuntu; Linux x86_64; rv:26.0) Gecko/20100101 Firefox/26.0"
65.50.74.205 [08/Mar/2014:19:39:46 -0500] PLAY "live" "crysanthos" "" - 486 542 "http://65.50.74.205:10201" "LNX 11,2,202,335" (9s)
65.50.74.205 - - [08/Mar/2014:19:39:47 -0500] "GET /flowplayer-3.2.13.min.js HTTP/1.1" 304 0 "http://65.50.74.205:10201/live/crysanthos" "Mozilla/5.0 (X11; Ubuntu; Linux x86_64; rv:26.0) Gecko/20100101 Firefox/26.0"
65.50.74.205 - - [08/Mar/2014:19:39:47 -0500] "GET /live/livetheme.css HTTP/1.1" 200 884 "http://65.50.74.205:10201/live/crysanthos" "Mozilla/5.0 (X11; Ubuntu; Linux x86_64; rv:26.0) Gecko/20100101 Firefox/26.0"
65.50.74.205 - - [08/Mar/2014:19:39:47 -0500] "GET /live/crysanthos HTTP/1.1" 304 0 "-" "Mozilla/5.0 (X11; Ubuntu; Linux x86_64; rv:26.0) Gecko/20100101 Firefox/26.0"
65.50.74.205 - - [08/Mar/2014:19:39:47 -0500] "GET /flowplayer-3.2.13.min.js HTTP/1.1" 304 0 "http://65.50.74.205:10201/live/crysanthos" "Mozilla/5.0 (X11; Ubuntu; Linux x86_64; rv:26.0) Gecko/20100101 Firefox/26.0"
65.50.74.205 - - [08/Mar/2014:19:39:47 -0500] "GET /live/livetheme.css HTTP/1.1" 200 884 "http://65.50.74.205:10201/live/crysanthos" "Mozilla/5.0 (X11; Ubuntu; Linux x86_64; rv:26.0) Gecko/20100101 Firefox/26.0"
65.50.74.205 - - [08/Mar/2014:19:39:47 -0500] "GET /flowplayer-3.2.18.swf HTTP/1.1" 304 0 "http://65.50.74.205:10201/live/crysanthos" "Mozilla/5.0 (X11; Ubuntu; Linux x86_64; rv:26.0) Gecko/20100101 Firefox/26.0"
65.50.74.205 [08/Mar/2014:19:39:54 -0500] PLAY "live" "crysanthos" "" - 486 542 "http://65.50.74.205:10201" "LNX 11,2,202,335" (6s)
65.50.127.147 - - [08/Mar/2014:19:40:07 -0500] "GET /live/shizoli HTTP/1.1" 304 0 "-" "Mozilla/5.0 (Windows NT 6.3; WOW64; rv:27.0) Gecko/20100101 Firefox/27.0"
65.50.127.147 [08/Mar/2014:19:40:07 -0500] PLAY "live" "shizoli" "" - 1311 359736846 "http://gtstreams.com:10201/live/shizoli" "WIN 12,0,0,70" (14m 58s)
65.50.127.147 - - [08/Mar/2014:19:40:07 -0500] "GET /flowplayer-3.2.13.min.js HTTP/1.1" 304 0 "http://gtstreams.com:10201/live/shizoli" "Mozilla/5.0 (Windows NT 6.3; WOW64; rv:27.0) Gecko/20100101 Firefox/27.0"
65.50.127.147 - - [08/Mar/2014:19:40:07 -0500] "GET /live/livetheme.css HTTP/1.1" 200 884 "http://gtstreams.com:10201/live/shizoli" "Mozilla/5.0 (Windows NT 6.3; WOW64; rv:27.0) Gecko/20100101 Firefox/27.0"
65.50.127.147 - - [08/Mar/2014:19:40:07 -0500] "GET /flowplayer-3.2.18.swf HTTP/1.1" 304 0 "http://gtstreams.com:10201/live/shizoli" "Mozilla/5.0 (Windows NT 6.3; WOW64; rv:27.0) Gecko/20100101 Firefox/27.0"
128.61.81.213 - - [08/Mar/2014:19:40:15 -0500] "GET /live/shizoli HTTP/1.1" 304 0 "-" "Mozilla/5.0 (Windows NT 6.1; WOW64; rv:27.0) Gecko/20100101 Firefox/27.0"
128.61.81.213 [08/Mar/2014:19:40:15 -0500] PLAY "live" "shizoli" "" - 1053 275783257 "http://gtstreams.com:10201/live/shizoli" "WIN 12,0,0,70" (10m 8s)
128.61.81.213 - - [08/Mar/2014:19:40:15 -0500] "GET /flowplayer-3.2.13.min.js HTTP/1.1" 304 0 "http://gtstreams.com:10201/live/shizoli" "Mozilla/5.0 (Windows NT 6.1; WOW64; rv:27.0) Gecko/20100101 Firefox/27.0"
128.61.81.213 - - [08/Mar/2014:19:40:15 -0500] "GET /live/livetheme.css HTTP/1.1" 200 884 "http://gtstreams.com:10201/live/shizoli" "Mozilla/5.0 (Windows NT 6.1; WOW64; rv:27.0) Gecko/20100101 Firefox/27.0"
128.61.81.213 - - [08/Mar/2014:19:40:15 -0500] "GET /flowplayer-3.2.18.swf HTTP/1.1" 304 0 "http://gtstreams.com:10201/live/shizoli" "Mozilla/5.0 (Windows NT 6.1; WOW64; rv:27.0) Gecko/20100101 Firefox/27.0"
50.147.240.42 - - [08/Mar/2014:19:40:21 -0500] "GET /live/crysanthos HTTP/1.1" 304 0 "-" "Mozilla/5.0 (Windows NT 6.1; WOW64) AppleWebKit/537.36 (KHTML, like Gecko) Chrome/33.0.1750.146 Safari/537.36"
50.147.240.42 - - [08/Mar/2014:19:40:22 -0500] "GET /live/livetheme.css HTTP/1.1" 200 884 "http://gtstreams.com:10201/live/crysanthos" "Mozilla/5.0 (Windows NT 6.1; WOW64) AppleWebKit/537.36 (KHTML, like Gecko) Chrome/33.0.1750.146 Safari/537.36"
50.147.240.42 - - [08/Mar/2014:19:40:34 -0500] "GET /live/shizoli HTTP/1.1" 304 0 "-" "Mozilla/5.0 (Windows NT 6.1; WOW64) AppleWebKit/537.36 (KHTML, like Gecko) Chrome/33.0.1750.146 Safari/537.36"
50.147.240.42 [08/Mar/2014:19:40:34 -0500] PLAY "live" "crysanthos" "" - 459 436 "http://gtstreams.com:10201/live/crysanthos" "WIN 12,0,0,70" (11s)
50.147.240.42 - - [08/Mar/2014:19:40:34 -0500] "GET /live/livetheme.css HTTP/1.1" 304 0 "http://gtstreams.com:10201/live/crysanthos" "Mozilla/5.0 (Windows NT 6.1; WOW64) AppleWebKit/537.36 (KHTML, like Gecko) Chrome/33.0.1750.146 Safari/537.36"
50.147.240.42 [08/Mar/2014:19:40:45 -0500] PLAY "live" "shizoli" "" - 465 4178338 "http://gtstreams.com:10201/live/shizoli" "WIN 12,0,0,70" (10s)
50.147.240.42 [08/Mar/2014:19:40:54 -0500] PLAY "live" "crysanthos" "" - 459 436 "http://gtstreams.com:10201/live/crysanthos" "WIN 12,0,0,70" (7s)
50.147.240.42 [08/Mar/2014:19:40:57 -0500] PLAY "live" "crysanthos" "" - 459 436 "http://gtstreams.com:10201/live/crysanthos" "WIN 12,0,0,70" (1s)
50.147.240.42 [08/Mar/2014:19:41:22 -0500] PLAY "live" "crysanthos" "" - 459 436 "http://gtstreams.com:10201/live/crysanthos" "WIN 12,0,0,70" (22s)
128.61.105.88 - - [08/Mar/2014:19:43:31 -0500] "GET /live/crysanthos HTTP/1.1" 304 0 "http://gtstreams.com:10201/" "Mozilla/5.0 (Windows NT 6.3; WOW64) AppleWebKit/537.36 (KHTML, like Gecko) Chrome/33.0.1750.146 Safari/537.36"
128.61.105.88 - - [08/Mar/2014:19:43:31 -0500] "GET /live/livetheme.css HTTP/1.1" 200 884 "http://gtstreams.com:10201/live/crysanthos" "Mozilla/5.0 (Windows NT 6.3; WOW64) AppleWebKit/537.36 (KHTML, like Gecko) Chrome/33.0.1750.146 Safari/537.36"
128.61.105.88 [08/Mar/2014:19:43:38 -0500] PLAY "live" "crysanthos" "" - 459 436 "http://gtstreams.com:10201/live/crysanthos" "WIN 12,0,0,70" (6s)
128.61.82.128 - - [08/Mar/2014:19:46:28 -0500] "GET /live/shizoli HTTP/1.1" 304 0 "-" "Mozilla/5.0 (Windows NT 6.2; WOW64) AppleWebKit/537.36 (KHTML, like Gecko) Chrome/33.0.1750.146 Safari/537.36"
128.61.82.128 [08/Mar/2014:19:46:28 -0500] PLAY "live" "shizoli" "" - 453 853 "http://gtstreams.com:10201/live/shizoli" "WIN 12,0,0,70" (1s)
128.61.82.128 - - [08/Mar/2014:19:46:28 -0500] "GET /flowplayer-3.2.13.min.js HTTP/1.1" 304 0 "http://gtstreams.com:10201/live/shizoli" "Mozilla/5.0 (Windows NT 6.2; WOW64) AppleWebKit/537.36 (KHTML, like Gecko) Chrome/33.0.1750.146 Safari/537.36"
128.61.82.128 - - [08/Mar/2014:19:46:28 -0500] "GET /live/livetheme.css HTTP/1.1" 200 884 "http://gtstreams.com:10201/live/shizoli" "Mozilla/5.0 (Windows NT 6.2; WOW64) AppleWebKit/537.36 (KHTML, like Gecko) Chrome/33.0.1750.146 Safari/537.36"
128.61.82.128 - - [08/Mar/2014:19:46:44 -0500] "GET /l HTTP/1.1" 404 571 "-" "Mozilla/5.0 (Windows NT 6.2; WOW64) AppleWebKit/537.36 (KHTML, like Gecko) Chrome/33.0.1750.146 Safari/537.36"
128.61.82.128 - - [08/Mar/2014:19:46:46 -0500] "GET / HTTP/1.1" 200 367 "-" "Mozilla/5.0 (Windows NT 6.2; WOW64) AppleWebKit/537.36 (KHTML, like Gecko) Chrome/33.0.1750.146 Safari/537.36"
128.61.82.128 - - [08/Mar/2014:19:46:47 -0500] "GET /theme.css HTTP/1.1" 200 237 "http://gtstreams.com:10201/" "Mozilla/5.0 (Windows NT 6.2; WOW64) AppleWebKit/537.36 (KHTML, like Gecko) Chrome/33.0.1750.146 Safari/537.36"
128.61.82.128 - - [08/Mar/2014:19:46:48 -0500] "GET /live/crysanthos HTTP/1.1" 304 0 "http://gtstreams.com:10201/" "Mozilla/5.0 (Windows NT 6.2; WOW64) AppleWebKit/537.36 (KHTML, like Gecko) Chrome/33.0.1750.146 Safari/537.36"
128.61.82.128 [08/Mar/2014:19:46:54 -0500] PLAY "live" "crysanthos" "" - 459 436 "http://gtstreams.com:10201/live/crysanthos" "WIN 12,0,0,70" (3s)
65.50.127.147 - - [08/Mar/2014:19:47:40 -0500] "GET /live/shizoli HTTP/1.1" 304 0 "-" "Mozilla/5.0 (Windows NT 6.3; WOW64; rv:27.0) Gecko/20100101 Firefox/27.0"
65.50.127.147 [08/Mar/2014:19:47:40 -0500] PLAY "live" "shizoli" "" - 913 205684167 "http://gtstreams.com:10201/live/shizoli" "WIN 12,0,0,70" (7m 32s)
65.50.127.147 - - [08/Mar/2014:19:47:41 -0500] "GET /flowplayer-3.2.13.min.js HTTP/1.1" 304 0 "http://gtstreams.com:10201/live/shizoli" "Mozilla/5.0 (Windows NT 6.3; WOW64; rv:27.0) Gecko/20100101 Firefox/27.0"
65.50.127.147 - - [08/Mar/2014:19:47:41 -0500] "GET /live/livetheme.css HTTP/1.1" 200 891 "http://gtstreams.com:10201/live/shizoli" "Mozilla/5.0 (Windows NT 6.3; WOW64; rv:27.0) Gecko/20100101 Firefox/27.0"
65.50.127.147 - - [08/Mar/2014:19:47:41 -0500] "GET /flowplayer-3.2.18.swf HTTP/1.1" 304 0 "http://gtstreams.com:10201/live/shizoli" "Mozilla/5.0 (Windows NT 6.3; WOW64; rv:27.0) Gecko/20100101 Firefox/27.0"
65.50.127.147 - - [08/Mar/2014:19:49:52 -0500] "GET /live/shizoli HTTP/1.1" 304 0 "-" "Mozilla/5.0 (Windows NT 6.3; WOW64; rv:27.0) Gecko/20100101 Firefox/27.0"
65.50.127.147 [08/Mar/2014:19:49:52 -0500] PLAY "live" "shizoli" "" - 618 59292446 "http://gtstreams.com:10201/live/shizoli" "WIN 12,0,0,70" (2m 10s)
65.50.127.147 - - [08/Mar/2014:19:49:52 -0500] "GET /flowplayer-3.2.13.min.js HTTP/1.1" 304 0 "http://gtstreams.com:10201/live/shizoli" "Mozilla/5.0 (Windows NT 6.3; WOW64; rv:27.0) Gecko/20100101 Firefox/27.0"
65.50.127.147 - - [08/Mar/2014:19:49:52 -0500] "GET /live/livetheme.css HTTP/1.1" 200 891 "http://gtstreams.com:10201/live/shizoli" "Mozilla/5.0 (Windows NT 6.3; WOW64; rv:27.0) Gecko/20100101 Firefox/27.0"
128.61.105.88 - - [08/Mar/2014:19:50:52 -0500] "GET /live/livetheme.css HTTP/1.1" 200 891 "http://gtstreams.com:10201/live/crysanthos" "Mozilla/5.0 (Windows NT 6.3; WOW64) AppleWebKit/537.36 (KHTML, like Gecko) Chrome/33.0.1750.146 Safari/537.36"
65.50.127.147 - - [08/Mar/2014:19:51:08 -0500] "GET /live/deadjo HTTP/1.1" 200 1779 "-" "Mozilla/5.0 (Windows NT 6.3; WOW64; rv:27.0) Gecko/20100101 Firefox/27.0"
65.50.127.147 - - [08/Mar/2014:19:51:08 -0500] "GET /live/livetheme.css HTTP/1.1" 304 0 "http://gtstreams.com:10201/live/deadjo" "Mozilla/5.0 (Windows NT 6.3; WOW64; rv:27.0) Gecko/20100101 Firefox/27.0"
128.61.105.88 [08/Mar/2014:19:51:09 -0500] PLAY "live" "crysanthos" "" - 455 436 "http://gtstreams.com:10201/live/crysanthos" "WIN 12,0,0,70" (16s)
65.50.127.147 - - [08/Mar/2014:19:51:36 -0500] "GET /live/deadjo HTTP/1.1" 304 0 "-" "Mozilla/5.0 (Windows NT 6.3; WOW64; rv:27.0) Gecko/20100101 Firefox/27.0"
65.50.127.147 [08/Mar/2014:19:51:36 -0500] PLAY "live" "deadjo" "" - 494 436 "http://gtstreams.com:10201/live/deadjo" "WIN 12,0,0,70" (26s)
65.50.127.147 - - [08/Mar/2014:19:51:36 -0500] "GET /flowplayer-3.2.13.min.js HTTP/1.1" 304 0 "http://gtstreams.com:10201/live/deadjo" "Mozilla/5.0 (Windows NT 6.3; WOW64; rv:27.0) Gecko/20100101 Firefox/27.0"
65.50.127.147 - - [08/Mar/2014:19:51:36 -0500] "GET /live/livetheme.css HTTP/1.1" 304 0 "http://gtstreams.com:10201/live/deadjo" "Mozilla/5.0 (Windows NT 6.3; WOW64; rv:27.0) Gecko/20100101 Firefox/27.0"
65.50.127.147 - - [08/Mar/2014:19:51:36 -0500] "GET /flowplayer-3.2.18.swf HTTP/1.1" 304 0 "http://gtstreams.com:10201/live/deadjo" "Mozilla/5.0 (Windows NT 6.3; WOW64; rv:27.0) Gecko/20100101 Firefox/27.0"
65.50.127.147 - - [08/Mar/2014:19:51:41 -0500] "GET /live/Deadjo HTTP/1.1" 200 1779 "-" "Mozilla/5.0 (Windows NT 6.3; WOW64; rv:27.0) Gecko/20100101 Firefox/27.0"
65.50.127.147 - - [08/Mar/2014:19:51:41 -0500] "GET /live/livetheme.css HTTP/1.1" 304 0 "http://gtstreams.com:10201/live/Deadjo" "Mozilla/5.0 (Windows NT 6.3; WOW64; rv:27.0) Gecko/20100101 Firefox/27.0"
65.50.127.147 [08/Mar/2014:19:51:42 -0500] PLAY "live" "deadjo" "" - 494 436 "http://gtstreams.com:10201/live/deadjo" "WIN 12,0,0,70" (4s)
65.50.127.147 - - [08/Mar/2014:19:51:53 -0500] "GET /live/Deadjo HTTP/1.1" 304 0 "-" "Mozilla/5.0 (Windows NT 6.3; WOW64; rv:27.0) Gecko/20100101 Firefox/27.0"
65.50.127.147 [08/Mar/2014:19:51:53 -0500] PLAY "live" "Deadjo" "" - 494 124407 "http://gtstreams.com:10201/live/Deadjo" "WIN 12,0,0,70" (11s)
65.50.127.147 - - [08/Mar/2014:19:51:54 -0500] "GET /flowplayer-3.2.13.min.js HTTP/1.1" 304 0 "http://gtstreams.com:10201/live/Deadjo" "Mozilla/5.0 (Windows NT 6.3; WOW64; rv:27.0) Gecko/20100101 Firefox/27.0"
65.50.127.147 - - [08/Mar/2014:19:51:54 -0500] "GET /live/livetheme.css HTTP/1.1" 304 0 "http://gtstreams.com:10201/live/Deadjo" "Mozilla/5.0 (Windows NT 6.3; WOW64; rv:27.0) Gecko/20100101 Firefox/27.0"
65.50.127.147 - - [08/Mar/2014:19:51:54 -0500] "GET /flowplayer-3.2.18.swf HTTP/1.1" 304 0 "http://gtstreams.com:10201/live/Deadjo" "Mozilla/5.0 (Windows NT 6.3; WOW64; rv:27.0) Gecko/20100101 Firefox/27.0"
65.50.127.147 [08/Mar/2014:19:51:56 -0500] PLAY "live" "Deadjo" "" - 490 296944 "http://gtstreams.com:10201/live/Deadjo" "WIN 12,0,0,70" (1s)
128.61.81.213 - - [08/Mar/2014:19:52:03 -0500] "GET /live/deadjo HTTP/1.1" 200 1779 "-" "Mozilla/5.0 (Windows NT 6.1; WOW64; rv:27.0) Gecko/20100101 Firefox/27.0"
128.61.81.213 - - [08/Mar/2014:19:52:04 -0500] "GET /live/livetheme.css HTTP/1.1" 200 891 "http://gtstreams.com:10201/live/deadjo" "Mozilla/5.0 (Windows NT 6.1; WOW64; rv:27.0) Gecko/20100101 Firefox/27.0"
128.61.81.213 [08/Mar/2014:19:52:04 -0500] PLAY "live" "shizoli" "" - 1143 321634921 "http://gtstreams.com:10201/live/shizoli" "WIN 12,0,0,70" (11m 48s)
